exports[`test renders correctly 1`] = `
<View
  style={undefined}>
  <View
    style={undefined}>
    <View
      style={
        Object {
          "height": 269,
          "opacity": 0,
        }
      }>
      <TouchableOpacity
        activeOpacity={0.9}
        onPress={[Function]}
        style={
          Array [
            undefined,
            Object {
              "height": 244,
            },
          ]
        }>
        <Image
          onLoadEnd={[Function]}
          source={
            Object {
              "uri": "fake_avatar",
            }
          }
          style={
            Array [
              undefined,
              Object {
                "height": 244,
              },
            ]
          } />
        <View
          style={undefined} />
        <View
          style={undefined}>
          <View
            style={undefined}>
            <View
              style={undefined}>
              <View
                style={undefined}>
                <Text
                  accessible={true}
                  allowFontScaling={true}
                  ellipsizeMode="tail"
                  numberOfLines={1}
                  style={undefined}>
                  Nice project
                </Text>
              </View>
              <Text
                accessible={true}
                allowFontScaling={true}
                ellipsizeMode="tail"
                numberOfLines={2}
                style={undefined} />
            </View>
            <View
              style={
                Array [
                  undefined,
                  Object {
                    "backgroundColor": "#AFA48C",
                  },
                ]
              }>
              <Text
                accessible={true}
                allowFontScaling={false}
                ellipsizeMode="tail"
                style={
                  Array [
                    Object {
                      "color": undefined,
                      "fontFamily": "FontAwesome",
                      "fontSize": 12,
                      "fontStyle": "normal",
                      "fontWeight": "normal",
                    },
                    undefined,
                  ]
                }>
                ï„…
              </Text>
            </View>
          </View>
        </View>
      </TouchableOpacity>
    </View>
  </View>
</View>
`;
